x:\test\aa.mp3.mp3 (The system cannot find the file specified)
