x:\test\a.out (The system cannot find the file specified)
