Song Title: Chale Chalo
Album: Lagaan
Genre: Hindi Sound Track
Composer: A.R.Rahman
Performer: Sukhwindara Singh
