This is a test print
Done printingThis should not be on a new line
This should be on a new line