17
struct:image_file_directory
{
	numEntries => ARRAY of TYPE_BYTE
	[
		0 => 0x11,
		1 => 0x0,
	]
	,
	ifdentry => ARRAY of struct:image_file_directory_entry
	[
		0 => struct:image_file_directory_entry
		{
			tag => ARRAY of TYPE_BYTE
			[
				0 => 0x0,
				1 => 0x1,
			]
			,
			typefield => ARRAY of TYPE_BYTE
			[
				0 => 0x3,
				1 => 0x0,
			]
			,
			count => ARRAY of TYPE_BYTE
			[
				0 => 0x1,
				1 => 0x0,
				2 => 0x0,
				3 => 0x0,
			]
			,
			value => ARRAY of TYPE_BYTE
			[
				0 => 0xc0,
				1 => 0x6,
				2 => 0x0,
				3 => 0x0,
			]
			,
		}
		,
		1 => struct:image_file_directory_entry
		{
			tag => ARRAY of TYPE_BYTE
			[
				0 => 0x1,
				1 => 0x1,
			]
			,
			typefield => ARRAY of TYPE_BYTE
			[
				0 => 0x3,
				1 => 0x0,
			]
			,
			count => ARRAY of TYPE_BYTE
			[
				0 => 0x1,
				1 => 0x0,
				2 => 0x0,
				3 => 0x0,
			]
			,
			value => ARRAY of TYPE_BYTE
			[
				0 => 0x48,
				1 => 0x9,
				2 => 0x0,
				3 => 0x0,
			]
			,
		}
		,
		2 => struct:image_file_directory_entry
		{
			tag => ARRAY of TYPE_BYTE
			[
				0 => 0x2,
				1 => 0x1,
			]
			,
			typefield => ARRAY of TYPE_BYTE
			[
				0 => 0x3,
				1 => 0x0,
			]
			,
			count => ARRAY of TYPE_BYTE
			[
				0 => 0x1,
				1 => 0x0,
				2 => 0x0,
				3 => 0x0,
			]
			,
			value => ARRAY of TYPE_BYTE
			[
				0 => 0x1,
				1 => 0x0,
				2 => 0x0,
				3 => 0x0,
			]
			,
		}
		,
		3 => struct:image_file_directory_entry
		{
			tag => ARRAY of TYPE_BYTE
			[
				0 => 0x3,
				1 => 0x1,
			]
			,
			typefield => ARRAY of TYPE_BYTE
			[
				0 => 0x3,
				1 => 0x0,
			]
			,
			count => ARRAY of TYPE_BYTE
			[
				0 => 0x1,
				1 => 0x0,
				2 => 0x0,
				3 => 0x0,
			]
			,
			value => ARRAY of TYPE_BYTE
			[
				0 => 0x4,
				1 => 0x0,
				2 => 0x0,
				3 => 0x0,
			]
			,
		}
		,
		4 => struct:image_file_directory_entry
		{
			tag => ARRAY of TYPE_BYTE
			[
				0 => 0x6,
				1 => 0x1,
			]
			,
			typefield => ARRAY of TYPE_BYTE
			[
				0 => 0x3,
				1 => 0x0,
			]
			,
			count => ARRAY of TYPE_BYTE
			[
				0 => 0x1,
				1 => 0x0,
				2 => 0x0,
				3 => 0x0,
			]
			,
			value => ARRAY of TYPE_BYTE
			[
				0 => 0x0,
				1 => 0x0,
				2 => 0x0,
				3 => 0x0,
			]
			,
		}
		,
		5 => struct:image_file_directory_entry
		{
			tag => ARRAY of TYPE_BYTE
			[
				0 => 0xa,
				1 => 0x1,
			]
			,
			typefield => ARRAY of TYPE_BYTE
			[
				0 => 0x3,
				1 => 0x0,
			]
			,
			count => ARRAY of TYPE_BYTE
			[
				0 => 0x1,
				1 => 0x0,
				2 => 0x0,
				3 => 0x0,
			]
			,
			value => ARRAY of TYPE_BYTE
			[
				0 => 0x2,
				1 => 0x0,
				2 => 0x0,
				3 => 0x0,
			]
			,
		}
		,
		6 => struct:image_file_directory_entry
		{
			tag => ARRAY of TYPE_BYTE
			[
				0 => 0xd,
				1 => 0x1,
			]
			,
			typefield => ARRAY of TYPE_BYTE
			[
				0 => 0x2,
				1 => 0x0,
			]
			,
			count => ARRAY of TYPE_BYTE
			[
				0 => 0xf,
				1 => 0x0,
				2 => 0x0,
				3 => 0x0,
			]
			,
			value => ARRAY of TYPE_BYTE
			[
				0 => 0x16,
				1 => 0x2b,
				2 => 0x0,
				3 => 0x0,
			]
			,
		}
		,
		7 => struct:image_file_directory_entry
		{
			tag => ARRAY of TYPE_BYTE
			[
				0 => 0xe,
				1 => 0x1,
			]
			,
			typefield => ARRAY of TYPE_BYTE
			[
				0 => 0x2,
				1 => 0x0,
			]
			,
			count => ARRAY of TYPE_BYTE
			[
				0 => 0x13,
				1 => 0x0,
				2 => 0x0,
				3 => 0x0,
			]
			,
			value => ARRAY of TYPE_BYTE
			[
				0 => 0x26,
				1 => 0x2b,
				2 => 0x0,
				3 => 0x0,
			]
			,
		}
		,
		8 => struct:image_file_directory_entry
		{
			tag => ARRAY of TYPE_BYTE
			[
				0 => 0x11,
				1 => 0x1,
			]
			,
			typefield => ARRAY of TYPE_BYTE
			[
				0 => 0x4,
				1 => 0x0,
			]
			,
			count => ARRAY of TYPE_BYTE
			[
				0 => 0x1,
				1 => 0x0,
				2 => 0x0,
				3 => 0x0,
			]
			,
			value => ARRAY of TYPE_BYTE
			[
				0 => 0x8,
				1 => 0x0,
				2 => 0x0,
				3 => 0x0,
			]
			,
		}
		,
		9 => struct:image_file_directory_entry
		{
			tag => ARRAY of TYPE_BYTE
			[
				0 => 0x12,
				1 => 0x1,
			]
			,
			typefield => ARRAY of TYPE_BYTE
			[
				0 => 0x3,
				1 => 0x0,
			]
			,
			count => ARRAY of TYPE_BYTE
			[
				0 => 0x1,
				1 => 0x0,
				2 => 0x0,
				3 => 0x0,
			]
			,
			value => ARRAY of TYPE_BYTE
			[
				0 => 0x1,
				1 => 0x0,
				2 => 0x0,
				3 => 0x0,
			]
			,
		}
		,
		10 => struct:image_file_directory_entry
		{
			tag => ARRAY of TYPE_BYTE
			[
				0 => 0x15,
				1 => 0x1,
			]
			,
			typefield => ARRAY of TYPE_BYTE
			[
				0 => 0x3,
				1 => 0x0,
			]
			,
			count => ARRAY of TYPE_BYTE
			[
				0 => 0x1,
				1 => 0x0,
				2 => 0x0,
				3 => 0x0,
			]
			,
			value => ARRAY of TYPE_BYTE
			[
				0 => 0x1,
				1 => 0x0,
				2 => 0x0,
				3 => 0x0,
			]
			,
		}
		,
		11 => struct:image_file_directory_entry
		{
			tag => ARRAY of TYPE_BYTE
			[
				0 => 0x16,
				1 => 0x1,
			]
			,
			typefield => ARRAY of TYPE_BYTE
			[
				0 => 0x4,
				1 => 0x0,
			]
			,
			count => ARRAY of TYPE_BYTE
			[
				0 => 0x1,
				1 => 0x0,
				2 => 0x0,
				3 => 0x0,
			]
			,
			value => ARRAY of TYPE_BYTE
			[
				0 => 0x48,
				1 => 0x9,
				2 => 0x0,
				3 => 0x0,
			]
			,
		}
		,
		12 => struct:image_file_directory_entry
		{
			tag => ARRAY of TYPE_BYTE
			[
				0 => 0x17,
				1 => 0x1,
			]
			,
			typefield => ARRAY of TYPE_BYTE
			[
				0 => 0x4,
				1 => 0x0,
			]
			,
			count => ARRAY of TYPE_BYTE
			[
				0 => 0x1,
				1 => 0x0,
				2 => 0x0,
				3 => 0x0,
			]
			,
			value => ARRAY of TYPE_BYTE
			[
				0 => 0x3c,
				1 => 0x2a,
				2 => 0x0,
				3 => 0x0,
			]
			,
		}
		,
		13 => struct:image_file_directory_entry
		{
			tag => ARRAY of TYPE_BYTE
			[
				0 => 0x1a,
				1 => 0x1,
			]
			,
			typefield => ARRAY of TYPE_BYTE
			[
				0 => 0x5,
				1 => 0x0,
			]
			,
			count => ARRAY of TYPE_BYTE
			[
				0 => 0x1,
				1 => 0x0,
				2 => 0x0,
				3 => 0x0,
			]
			,
			value => ARRAY of TYPE_BYTE
			[
				0 => 0x3a,
				1 => 0x2b,
				2 => 0x0,
				3 => 0x0,
			]
			,
		}
		,
		14 => struct:image_file_directory_entry
		{
			tag => ARRAY of TYPE_BYTE
			[
				0 => 0x1b,
				1 => 0x1,
			]
			,
			typefield => ARRAY of TYPE_BYTE
			[
				0 => 0x5,
				1 => 0x0,
			]
			,
			count => ARRAY of TYPE_BYTE
			[
				0 => 0x1,
				1 => 0x0,
				2 => 0x0,
				3 => 0x0,
			]
			,
			value => ARRAY of TYPE_BYTE
			[
				0 => 0x42,
				1 => 0x2b,
				2 => 0x0,
				3 => 0x0,
			]
			,
		}
		,
		15 => struct:image_file_directory_entry
		{
			tag => ARRAY of TYPE_BYTE
			[
				0 => 0x1c,
				1 => 0x1,
			]
			,
			typefield => ARRAY of TYPE_BYTE
			[
				0 => 0x3,
				1 => 0x0,
			]
			,
			count => ARRAY of TYPE_BYTE
			[
				0 => 0x1,
				1 => 0x0,
				2 => 0x0,
				3 => 0x0,
			]
			,
			value => ARRAY of TYPE_BYTE
			[
				0 => 0x1,
				1 => 0x0,
				2 => 0x0,
				3 => 0x0,
			]
			,
		}
		,
		16 => struct:image_file_directory_entry
		{
			tag => ARRAY of TYPE_BYTE
			[
				0 => 0x28,
				1 => 0x1,
			]
			,
			typefield => ARRAY of TYPE_BYTE
			[
				0 => 0x3,
				1 => 0x0,
			]
			,
			count => ARRAY of TYPE_BYTE
			[
				0 => 0x1,
				1 => 0x0,
				2 => 0x0,
				3 => 0x0,
			]
			,
			value => ARRAY of TYPE_BYTE
			[
				0 => 0x2,
				1 => 0x0,
				2 => 0x0,
				3 => 0x0,
			]
			,
		}
		,
	]
	,
	nextifd => 0,
}
