finished reading input file ... creating arrayARRAY of TYPE_BIT
[
	0 => 0,
	1 => 1,
	2 => 1,
	3 => 0,
	4 => 0,
	5 => 0,
	6 => 0,
	7 => 1,
	8 => 0,
	9 => 1,
	10 => 1,
	11 => 0,
	12 => 0,
	13 => 0,
	14 => 1,
	15 => 0,
	16 => 0,
	17 => 1,
	18 => 1,
	19 => 0,
]
