0
16
31
46
struct:Outer
{
	a => 0xd1,
	b => 0x11,
}
