A0x41B0x42C0x43D0x44E0x45F0x46G0x47H0x48I0x49J0x4aK0x4bL0x4cM0x4dN0x4eO0x4fP0x50Q0x51R0x52S0x53T0x54U0x55V0x56W0x57X0x58Y0x59Z0x5a