tut.cc
_Z3gcdii
main
printf
__gxx_personality_v0
