fz found to be 0x6.bb is 0x28.bb is 0xa.bb is 0x4.bb is 0x21.bb is 0x28.bb is 0x22.bb is 0xa.bb is 0x23.bb is 0x8.bb is 0x3a.bb is 0x10.bb is 0x24.bb is 0x29.bb is 0x0.bb is 0x0.bb is 0x0.bb is 0x0.bb is 0x0.bb is 0x0.bb is 0x0.bb is 0x0.bb is 0x0.bb is 0x0.bb is 0x0.