'continue' is only permitted within the body of a loop
