struct:Outer
{
	b_1 => 0,
	inner_ob_2 => struct:Inner
	{
		i_2_1 => 0x0,
		i_2_2 => 0x0,
	}
	,
	c_3 => 0,
}
